// Jest Snapshot v1, https://goo.gl/fbAQLP

exports[`Home should render the snapshot 1`] = `
Array [
  <View
    style={
      Object {
        "alignItems": "center",
        "backgroundColor": "#051933",
        "height": 100,
        "justifyContent": "center",
        "width": "100%",
      }
    }
  >
    <Image
      source={
        Object {
          "testUri": "../../../assets/logo-alura.png",
        }
      }
      style={
        Object {
          "height": 50,
          "width": 110,
        }
      }
    />
  </View>,
  <View
    style={
      Object {
        "alignItems": "center",
        "backgroundColor": "#fff",
        "flex": 1,
        "justifyContent": "center",
      }
    }
  >
    <Text
      style={
        Object {
          "color": "#051933",
          "fontSize": 30,
          "fontWeight": "bold",
          "marginBottom": 10,
        }
      }
    >
      √Årea de Login
    </Text>
    <View
      style={
        Object {
          "padding": 30,
          "width": "100%",
        }
      }
    >
      <Text>
        Email
      </Text>
      <TextInput
        onChangeText={[Function]}
        placeholder="Digite o email"
        style={
          Object {
            "borderColor": "#000",
            "borderRadius": 8,
            "borderWidth": 1,
            "fontSize": 18,
            "height": 44,
            "marginBottom": 20,
            "padding": 8,
            "width": "100%",
          }
        }
        testID="emailInput"
        type="text"
        value=""
      />
      <Text>
        Senha
      </Text>
      <TextInput
        onChangeText={[Function]}
        placeholder="Digite sua senha"
        secureTextEntry={true}
        style={
          Object {
            "borderColor": "#000",
            "borderRadius": 8,
            "borderWidth": 1,
            "fontSize": 18,
            "height": 44,
            "marginBottom": 20,
            "padding": 8,
            "width": "100%",
          }
        }
        testID="passwordInput"
        type="text"
        value=""
      />
    </View>
    <View
      accessible={true}
      collapsable={false}
      focusable={true}
      nativeID="animatedComponent"
      onClick={[Function]}
      onResponderGrant={[Function]}
      onResponderMove={[Function]}
      onResponderRelease={[Function]}
      onResponderTerminate={[Function]}
      onResponderTerminationRequest={[Function]}
      onStartShouldSetResponder={[Function]}
      style={
        Object {
          "alignItems": "center",
          "backgroundColor": "#051933",
          "borderRadius": 8,
          "height": 44,
          "justifyContent": "center",
          "opacity": 1,
          "width": 100,
        }
      }
      testID="submitButton"
    >
      <Text
        style={
          Object {
            "color": "#fff",
            "fontSize": 16,
            "fontWeight": "bold",
          }
        }
      >
        LOGAR
      </Text>
    </View>
  </View>,
]
`;
